jstests/examples-single_var-sv_simple01-program.js
jstests/examples-single_var-sv_simple02-program.js
jstests/examples-single_var-sv_simple03-program.js
jstests/examples-single_var-sv_simple04-program.js
jstests/examples-single_var-sv_simple05-program.js
jstests/examples-single_var-sv_simple06-program.js
jstests/examples-single_var-sv_simple07-program.js
jstests/examples-single_var-sv_simple08-program.js
jstests/examples-single_var-sv_simple09-program.js
jstests/examples-single_var-sv_simple10-program.js
jstests/examples-single_var-sv_simple11-program.js
jstests/examples-single_var-sv_simple12-program.js
jstests/examples-single_var-sv_simple13-program.js
jstests/examples-single_var-sv_simple14-program.js
jstests/examples-single_var-sv_simple15-program.js
jstests/examples-single_var-sv_simple16-program.js
jstests/examples-single_var-sv_simple17-program.js
jstests/examples-single_var-sv_simple18-program.js
jstests/examples-single_var-sv_simple19-program.js
jstests/examples-single_var-sv_simple20-program.js
jstests/examples-single_var-sv_simple21-program.js
jstests/examples-single_var-sv_simple22-program.js
jstests/examples-single_var-sv_simple23-program.js

jstests/examples-single_var-for-sv_f_simple01-program.js
jstests/examples-single_var-for-sv_f_simple02-program.js
jstests/examples-single_var-for-sv_f_simple03-program.js
jstests/examples-single_var-ite-sv_i_simple01-program.js
jstests/examples-single_var-ite-sv_i_simple02-program.js
jstests/examples-single_var-ite-sv_i_simple03-program.js

jstests/examples-cpp_mem-data_race-program.js
jstests/examples-cpp_mem-sc_atomics-program.js


jstests/examples-double_vars-dv_simple01-program.js
jstests/examples-triple_vars-tv_simple01-program.js


# jstests/examples-single_var-param-for-sv_f_simple01-param001-program.js
# jstests/examples-single_var-param-for-sv_f_simple01-param002-program.js
# jstests/examples-single_var-param-for-sv_f_simple01-param003-program.js
# jstests/examples-single_var-param-for-sv_f_simple01-param004-program.js
# jstests/examples-single_var-param-for-sv_f_simple01-param005-program.js
# jstests/examples-single_var-param-for-sv_f_simple01-param006-program.js
# jstests/examples-single_var-param-for-sv_f_simple01-param007-program.js
# jstests/examples-single_var-param-for-sv_f_simple01-param008-program.js
# jstests/examples-single_var-param-for-sv_f_simple01-param009-program.js
# jstests/examples-single_var-param-for-sv_f_simple01-param010-program.js
# jstests/examples-single_var-param-for-sv_f_simple01-param011-program.js
# jstests/examples-single_var-param-for-sv_f_simple02-param001-program.js
# jstests/examples-single_var-param-for-sv_f_simple02-param002-program.js
# jstests/examples-single_var-param-for-sv_f_simple02-param003-program.js
# jstests/examples-single_var-param-for-sv_f_simple02-param004-program.js
# jstests/examples-single_var-param-for-sv_f_simple02-param005-program.js
# jstests/examples-single_var-param-for-sv_f_simple02-param006-program.js
# jstests/examples-single_var-param-for-sv_f_simple02-param007-program.js
# jstests/examples-single_var-param-for-sv_f_simple02-param008-program.js
# jstests/examples-single_var-param-for-sv_f_simple02-param009-program.js
# jstests/examples-single_var-param-for-sv_f_simple03-param001-program.js
# jstests/examples-single_var-param-for-sv_f_simple03-param002-program.js
# jstests/examples-single_var-param-for-sv_f_simple03-param003-program.js
# jstests/examples-single_var-param-for-sv_f_simple03-param004-program.js
# jstests/examples-single_var-param-for-sv_f_simple03-param005-program.js
# jstests/examples-single_var-param-for-sv_f_simple03-param006-program.js
# jstests/examples-single_var-param-for-sv_f_simple03-param007-program.js
# jstests/examples-single_var-param-for-sv_f_simple03-param008-program.js
# jstests/examples-single_var-param-for-sv_f_simple03-param009-program.js
# jstests/examples-single_var-param-ite-sv_i_simple01-param001-program.js
# jstests/examples-single_var-param-ite-sv_i_simple01-param002-program.js
# jstests/examples-single_var-param-ite-sv_i_simple01-param003-program.js
# jstests/examples-single_var-param-ite-sv_i_simple01-param004-program.js
# jstests/examples-single_var-param-ite-sv_i_simple01-param005-program.js
# jstests/examples-single_var-param-ite-sv_i_simple01-param006-program.js
# jstests/examples-single_var-param-ite-sv_i_simple01-param007-program.js
# jstests/examples-single_var-param-ite-sv_i_simple01-param008-program.js
# jstests/examples-single_var-param-ite-sv_i_simple01-param009-program.js
# jstests/examples-single_var-param-ite-sv_i_simple01-param010-program.js
# jstests/examples-single_var-param-ite-sv_i_simple01-param011-program.js
# jstests/examples-single_var-param-ite-sv_i_simple01-param012-program.js
# jstests/examples-single_var-param-ite-sv_i_simple01-param013-program.js
# jstests/examples-single_var-param-ite-sv_i_simple01-param014-program.js
# jstests/examples-single_var-param-ite-sv_i_simple01-param015-program.js
# jstests/examples-single_var-param-ite-sv_i_simple01-param016-program.js
# jstests/examples-single_var-param-ite-sv_i_simple01-param017-program.js
# jstests/examples-single_var-param-ite-sv_i_simple01-param018-program.js
# jstests/examples-single_var-param-ite-sv_i_simple01-param019-program.js
# jstests/examples-single_var-param-ite-sv_i_simple01-param020-program.js
# jstests/examples-single_var-param-ite-sv_i_simple01-param021-program.js
# jstests/examples-single_var-param-ite-sv_i_simple01-param022-program.js
# jstests/examples-single_var-param-ite-sv_i_simple01-param023-program.js
# jstests/examples-single_var-param-ite-sv_i_simple01-param024-program.js
# jstests/examples-single_var-param-ite-sv_i_simple01-param025-program.js
# jstests/examples-single_var-param-ite-sv_i_simple01-param026-program.js
# jstests/examples-single_var-param-ite-sv_i_simple01-param027-program.js
# jstests/examples-single_var-param-ite-sv_i_simple01-param028-program.js
# jstests/examples-single_var-param-ite-sv_i_simple01-param029-program.js
# jstests/examples-single_var-param-ite-sv_i_simple01-param030-program.js
# jstests/examples-single_var-param-ite-sv_i_simple01-param031-program.js
# jstests/examples-single_var-param-ite-sv_i_simple01-param032-program.js
# jstests/examples-single_var-param-ite-sv_i_simple01-param033-program.js
# jstests/examples-single_var-param-ite-sv_i_simple01-param034-program.js
# jstests/examples-single_var-param-ite-sv_i_simple01-param035-program.js
# jstests/examples-single_var-param-ite-sv_i_simple01-param036-program.js
# jstests/examples-single_var-param-ite-sv_i_simple01-param037-program.js
# jstests/examples-single_var-param-ite-sv_i_simple01-param038-program.js
# jstests/examples-single_var-param-ite-sv_i_simple01-param039-program.js
# jstests/examples-single_var-param-ite-sv_i_simple01-param040-program.js
# jstests/examples-single_var-param-ite-sv_i_simple01-param041-program.js
# jstests/examples-single_var-param-ite-sv_i_simple01-param042-program.js
# jstests/examples-single_var-param-ite-sv_i_simple01-param043-program.js
# jstests/examples-single_var-param-ite-sv_i_simple01-param044-program.js
# jstests/examples-single_var-param-ite-sv_i_simple01-param045-program.js
# jstests/examples-single_var-param-ite-sv_i_simple01-param046-program.js
# jstests/examples-single_var-param-ite-sv_i_simple01-param047-program.js
# jstests/examples-single_var-param-ite-sv_i_simple01-param048-program.js
# jstests/examples-single_var-param-ite-sv_i_simple01-param049-program.js
# jstests/examples-single_var-param-ite-sv_i_simple01-param050-program.js
# jstests/examples-single_var-param-ite-sv_i_simple01-param051-program.js
# jstests/examples-single_var-param-ite-sv_i_simple01-param052-program.js
# jstests/examples-single_var-param-ite-sv_i_simple01-param053-program.js
# jstests/examples-single_var-param-ite-sv_i_simple01-param054-program.js
# jstests/examples-single_var-param-ite-sv_i_simple01-param055-program.js
# jstests/examples-single_var-param-ite-sv_i_simple01-param056-program.js
# jstests/examples-single_var-param-ite-sv_i_simple01-param057-program.js
# jstests/examples-single_var-param-ite-sv_i_simple01-param058-program.js
# jstests/examples-single_var-param-ite-sv_i_simple01-param059-program.js
# jstests/examples-single_var-param-ite-sv_i_simple01-param060-program.js
# jstests/examples-single_var-param-ite-sv_i_simple01-param061-program.js
# jstests/examples-single_var-param-ite-sv_i_simple01-param062-program.js
# jstests/examples-single_var-param-ite-sv_i_simple01-param063-program.js
# jstests/examples-single_var-param-ite-sv_i_simple01-param064-program.js
# jstests/examples-single_var-param-ite-sv_i_simple01-param065-program.js
# jstests/examples-single_var-param-ite-sv_i_simple01-param066-program.js
# jstests/examples-single_var-param-ite-sv_i_simple01-param067-program.js
# jstests/examples-single_var-param-ite-sv_i_simple01-param068-program.js
# jstests/examples-single_var-param-ite-sv_i_simple01-param069-program.js
# jstests/examples-single_var-param-ite-sv_i_simple01-param070-program.js
# jstests/examples-single_var-param-ite-sv_i_simple01-param071-program.js
# jstests/examples-single_var-param-ite-sv_i_simple01-param072-program.js
# jstests/examples-single_var-param-ite-sv_i_simple01-param073-program.js
# jstests/examples-single_var-param-ite-sv_i_simple01-param074-program.js
# jstests/examples-single_var-param-ite-sv_i_simple01-param075-program.js
# jstests/examples-single_var-param-ite-sv_i_simple01-param076-program.js
# jstests/examples-single_var-param-ite-sv_i_simple01-param077-program.js
# jstests/examples-single_var-param-ite-sv_i_simple01-param078-program.js
# jstests/examples-single_var-param-ite-sv_i_simple01-param079-program.js
# jstests/examples-single_var-param-ite-sv_i_simple01-param080-program.js
# jstests/examples-single_var-param-ite-sv_i_simple01-param081-program.js
# jstests/examples-single_var-param-ite-sv_i_simple01-param082-program.js
# jstests/examples-single_var-param-ite-sv_i_simple01-param083-program.js
# jstests/examples-single_var-param-ite-sv_i_simple01-param084-program.js
# jstests/examples-single_var-param-ite-sv_i_simple01-param085-program.js
# jstests/examples-single_var-param-ite-sv_i_simple01-param086-program.js
# jstests/examples-single_var-param-ite-sv_i_simple01-param087-program.js
# jstests/examples-single_var-param-ite-sv_i_simple01-param088-program.js
# jstests/examples-single_var-param-ite-sv_i_simple01-param089-program.js
# jstests/examples-single_var-param-ite-sv_i_simple01-param090-program.js
# jstests/examples-single_var-param-ite-sv_i_simple01-param091-program.js
# jstests/examples-single_var-param-ite-sv_i_simple01-param092-program.js
# jstests/examples-single_var-param-ite-sv_i_simple01-param093-program.js
# jstests/examples-single_var-param-ite-sv_i_simple01-param094-program.js
# jstests/examples-single_var-param-ite-sv_i_simple01-param095-program.js
# jstests/examples-single_var-param-ite-sv_i_simple01-param096-program.js
# jstests/examples-single_var-param-ite-sv_i_simple01-param097-program.js
# jstests/examples-single_var-param-ite-sv_i_simple01-param098-program.js
# jstests/examples-single_var-param-ite-sv_i_simple01-param099-program.js
# jstests/examples-single_var-param-ite-sv_i_simple01-param100-program.js
# jstests/examples-single_var-param-ite-sv_i_simple01-param101-program.js
# jstests/examples-single_var-param-ite-sv_i_simple01-param102-program.js
# jstests/examples-single_var-param-ite-sv_i_simple01-param103-program.js
# jstests/examples-single_var-param-ite-sv_i_simple01-param104-program.js
# jstests/examples-single_var-param-ite-sv_i_simple01-param105-program.js
# jstests/examples-single_var-param-ite-sv_i_simple01-param106-program.js
# jstests/examples-single_var-param-ite-sv_i_simple01-param107-program.js
# jstests/examples-single_var-param-ite-sv_i_simple01-param108-program.js
# jstests/examples-single_var-param-ite-sv_i_simple01-param109-program.js
# jstests/examples-single_var-param-ite-sv_i_simple01-param110-program.js
# jstests/examples-single_var-param-ite-sv_i_simple01-param111-program.js
# jstests/examples-single_var-param-ite-sv_i_simple01-param112-program.js
# jstests/examples-single_var-param-ite-sv_i_simple01-param113-program.js
# jstests/examples-single_var-param-ite-sv_i_simple01-param114-program.js
# jstests/examples-single_var-param-ite-sv_i_simple01-param115-program.js
# jstests/examples-single_var-param-ite-sv_i_simple01-param116-program.js
# jstests/examples-single_var-param-ite-sv_i_simple01-param117-program.js
# jstests/examples-single_var-param-ite-sv_i_simple01-param118-program.js
# jstests/examples-single_var-param-ite-sv_i_simple01-param119-program.js
# jstests/examples-single_var-param-ite-sv_i_simple01-param120-program.js
# jstests/examples-single_var-param-ite-sv_i_simple01-param121-program.js
# jstests/examples-single_var-param-ite-sv_i_simple01-param122-program.js
# jstests/examples-single_var-param-ite-sv_i_simple01-param123-program.js
# jstests/examples-single_var-param-ite-sv_i_simple01-param124-program.js
# jstests/examples-single_var-param-ite-sv_i_simple01-param125-program.js
# jstests/examples-single_var-param-ite-sv_i_simple01-param126-program.js
# jstests/examples-single_var-param-ite-sv_i_simple01-param127-program.js
# jstests/examples-single_var-param-ite-sv_i_simple01-param128-program.js
# jstests/examples-single_var-param-ite-sv_i_simple01-param129-program.js
# jstests/examples-single_var-param-ite-sv_i_simple01-param130-program.js
# jstests/examples-single_var-param-ite-sv_i_simple01-param131-program.js
# jstests/examples-single_var-param-ite-sv_i_simple01-param132-program.js
# jstests/examples-single_var-param-ite-sv_i_simple01-param133-program.js
# jstests/examples-single_var-param-ite-sv_i_simple01-param134-program.js
# jstests/examples-single_var-param-ite-sv_i_simple01-param135-program.js
# jstests/examples-single_var-param-ite-sv_i_simple02-param001-program.js
# jstests/examples-single_var-param-ite-sv_i_simple02-param002-program.js
# jstests/examples-single_var-param-ite-sv_i_simple02-param003-program.js
# jstests/examples-single_var-param-ite-sv_i_simple02-param004-program.js
# jstests/examples-single_var-param-ite-sv_i_simple02-param005-program.js
# jstests/examples-single_var-param-ite-sv_i_simple02-param006-program.js
# jstests/examples-single_var-param-ite-sv_i_simple02-param007-program.js
# jstests/examples-single_var-param-ite-sv_i_simple02-param008-program.js
# jstests/examples-single_var-param-ite-sv_i_simple02-param009-program.js
# jstests/examples-single_var-param-ite-sv_i_simple02-param010-program.js
# jstests/examples-single_var-param-ite-sv_i_simple02-param011-program.js
# jstests/examples-single_var-param-ite-sv_i_simple02-param012-program.js
# jstests/examples-single_var-param-ite-sv_i_simple02-param013-program.js
# jstests/examples-single_var-param-ite-sv_i_simple02-param014-program.js
# jstests/examples-single_var-param-ite-sv_i_simple02-param015-program.js
# jstests/examples-single_var-param-ite-sv_i_simple02-param016-program.js
# jstests/examples-single_var-param-ite-sv_i_simple02-param017-program.js
# jstests/examples-single_var-param-ite-sv_i_simple02-param018-program.js
# jstests/examples-single_var-param-ite-sv_i_simple02-param019-program.js
# jstests/examples-single_var-param-ite-sv_i_simple02-param020-program.js
# jstests/examples-single_var-param-ite-sv_i_simple02-param021-program.js
# jstests/examples-single_var-param-ite-sv_i_simple02-param022-program.js
# jstests/examples-single_var-param-ite-sv_i_simple02-param023-program.js
# jstests/examples-single_var-param-ite-sv_i_simple02-param024-program.js
# jstests/examples-single_var-param-ite-sv_i_simple02-param025-program.js
# jstests/examples-single_var-param-ite-sv_i_simple02-param026-program.js
# jstests/examples-single_var-param-ite-sv_i_simple02-param027-program.js
# jstests/examples-single_var-param-ite-sv_i_simple02-param028-program.js
# jstests/examples-single_var-param-ite-sv_i_simple02-param029-program.js
# jstests/examples-single_var-param-ite-sv_i_simple02-param030-program.js
# jstests/examples-single_var-param-ite-sv_i_simple02-param031-program.js
# jstests/examples-single_var-param-ite-sv_i_simple02-param032-program.js
# jstests/examples-single_var-param-ite-sv_i_simple02-param033-program.js
# jstests/examples-single_var-param-ite-sv_i_simple02-param034-program.js
# jstests/examples-single_var-param-ite-sv_i_simple02-param035-program.js
# jstests/examples-single_var-param-ite-sv_i_simple02-param036-program.js
# jstests/examples-single_var-param-ite-sv_i_simple02-param037-program.js
# jstests/examples-single_var-param-ite-sv_i_simple02-param038-program.js
# jstests/examples-single_var-param-ite-sv_i_simple02-param039-program.js
# jstests/examples-single_var-param-ite-sv_i_simple02-param040-program.js
# jstests/examples-single_var-param-ite-sv_i_simple02-param041-program.js
# jstests/examples-single_var-param-ite-sv_i_simple02-param042-program.js
# jstests/examples-single_var-param-ite-sv_i_simple02-param043-program.js
# jstests/examples-single_var-param-ite-sv_i_simple02-param044-program.js
# jstests/examples-single_var-param-ite-sv_i_simple02-param045-program.js
# jstests/examples-single_var-param-ite-sv_i_simple02-param046-program.js
# jstests/examples-single_var-param-ite-sv_i_simple02-param047-program.js
# jstests/examples-single_var-param-ite-sv_i_simple02-param048-program.js
# jstests/examples-single_var-param-ite-sv_i_simple02-param049-program.js
# jstests/examples-single_var-param-ite-sv_i_simple02-param050-program.js
# jstests/examples-single_var-param-ite-sv_i_simple02-param051-program.js
# jstests/examples-single_var-param-ite-sv_i_simple02-param052-program.js
# jstests/examples-single_var-param-ite-sv_i_simple02-param053-program.js
# jstests/examples-single_var-param-ite-sv_i_simple02-param054-program.js
# jstests/examples-single_var-param-ite-sv_i_simple02-param055-program.js
# jstests/examples-single_var-param-ite-sv_i_simple02-param056-program.js
# jstests/examples-single_var-param-ite-sv_i_simple02-param057-program.js
# jstests/examples-single_var-param-ite-sv_i_simple02-param058-program.js
# jstests/examples-single_var-param-ite-sv_i_simple02-param059-program.js
# jstests/examples-single_var-param-ite-sv_i_simple02-param060-program.js
# jstests/examples-single_var-param-ite-sv_i_simple02-param061-program.js
# jstests/examples-single_var-param-ite-sv_i_simple02-param062-program.js
# jstests/examples-single_var-param-ite-sv_i_simple02-param063-program.js
# jstests/examples-single_var-param-ite-sv_i_simple02-param064-program.js
# jstests/examples-single_var-param-ite-sv_i_simple02-param065-program.js
# jstests/examples-single_var-param-ite-sv_i_simple02-param066-program.js
# jstests/examples-single_var-param-ite-sv_i_simple02-param067-program.js
# jstests/examples-single_var-param-ite-sv_i_simple02-param068-program.js
# jstests/examples-single_var-param-ite-sv_i_simple02-param069-program.js
# jstests/examples-single_var-param-ite-sv_i_simple02-param070-program.js
# jstests/examples-single_var-param-ite-sv_i_simple02-param071-program.js
# jstests/examples-single_var-param-ite-sv_i_simple02-param072-program.js
# jstests/examples-single_var-param-ite-sv_i_simple02-param073-program.js
# jstests/examples-single_var-param-ite-sv_i_simple02-param074-program.js
# jstests/examples-single_var-param-ite-sv_i_simple02-param075-program.js
# jstests/examples-single_var-param-ite-sv_i_simple02-param076-program.js
# jstests/examples-single_var-param-ite-sv_i_simple02-param077-program.js
# jstests/examples-single_var-param-ite-sv_i_simple02-param078-program.js
# jstests/examples-single_var-param-ite-sv_i_simple02-param079-program.js
# jstests/examples-single_var-param-ite-sv_i_simple02-param080-program.js
# jstests/examples-single_var-param-ite-sv_i_simple02-param081-program.js
# jstests/examples-single_var-param-ite-sv_i_simple02-param082-program.js
# jstests/examples-single_var-param-ite-sv_i_simple02-param083-program.js
# jstests/examples-single_var-param-ite-sv_i_simple02-param084-program.js
# jstests/examples-single_var-param-ite-sv_i_simple02-param085-program.js
# jstests/examples-single_var-param-ite-sv_i_simple02-param086-program.js
# jstests/examples-single_var-param-ite-sv_i_simple02-param087-program.js
# jstests/examples-single_var-param-ite-sv_i_simple02-param088-program.js
# jstests/examples-single_var-param-ite-sv_i_simple02-param089-program.js
# jstests/examples-single_var-param-ite-sv_i_simple02-param090-program.js
# jstests/examples-single_var-param-ite-sv_i_simple02-param091-program.js
# jstests/examples-single_var-param-ite-sv_i_simple02-param092-program.js
# jstests/examples-single_var-param-ite-sv_i_simple02-param093-program.js
# jstests/examples-single_var-param-ite-sv_i_simple02-param094-program.js
# jstests/examples-single_var-param-ite-sv_i_simple02-param095-program.js
# jstests/examples-single_var-param-ite-sv_i_simple02-param096-program.js
# jstests/examples-single_var-param-ite-sv_i_simple02-param097-program.js
# jstests/examples-single_var-param-ite-sv_i_simple02-param098-program.js
# jstests/examples-single_var-param-ite-sv_i_simple02-param099-program.js
# jstests/examples-single_var-param-ite-sv_i_simple02-param100-program.js
# jstests/examples-single_var-param-ite-sv_i_simple02-param101-program.js
# jstests/examples-single_var-param-ite-sv_i_simple02-param102-program.js
# jstests/examples-single_var-param-ite-sv_i_simple02-param103-program.js
# jstests/examples-single_var-param-ite-sv_i_simple02-param104-program.js
# jstests/examples-single_var-param-ite-sv_i_simple02-param105-program.js
# jstests/examples-single_var-param-ite-sv_i_simple02-param106-program.js
# jstests/examples-single_var-param-ite-sv_i_simple02-param107-program.js
# jstests/examples-single_var-param-ite-sv_i_simple02-param108-program.js
# jstests/examples-single_var-param-ite-sv_i_simple02-param109-program.js
# jstests/examples-single_var-param-ite-sv_i_simple02-param110-program.js
# jstests/examples-single_var-param-ite-sv_i_simple02-param111-program.js
# jstests/examples-single_var-param-ite-sv_i_simple02-param112-program.js
# jstests/examples-single_var-param-ite-sv_i_simple02-param113-program.js
# jstests/examples-single_var-param-ite-sv_i_simple02-param114-program.js
# jstests/examples-single_var-param-ite-sv_i_simple02-param115-program.js
# jstests/examples-single_var-param-ite-sv_i_simple02-param116-program.js
# jstests/examples-single_var-param-ite-sv_i_simple02-param117-program.js
# jstests/examples-single_var-param-ite-sv_i_simple02-param118-program.js
# jstests/examples-single_var-param-ite-sv_i_simple02-param119-program.js
# jstests/examples-single_var-param-ite-sv_i_simple02-param120-program.js
# jstests/examples-single_var-param-ite-sv_i_simple02-param121-program.js
# jstests/examples-single_var-param-ite-sv_i_simple02-param122-program.js
# jstests/examples-single_var-param-ite-sv_i_simple02-param123-program.js
# jstests/examples-single_var-param-ite-sv_i_simple02-param124-program.js
# jstests/examples-single_var-param-ite-sv_i_simple02-param125-program.js
# jstests/examples-single_var-param-ite-sv_i_simple02-param126-program.js
# jstests/examples-single_var-param-ite-sv_i_simple02-param127-program.js
# jstests/examples-single_var-param-ite-sv_i_simple02-param128-program.js
# jstests/examples-single_var-param-ite-sv_i_simple02-param129-program.js
# jstests/examples-single_var-param-ite-sv_i_simple02-param130-program.js
# jstests/examples-single_var-param-ite-sv_i_simple02-param131-program.js
# jstests/examples-single_var-param-ite-sv_i_simple02-param132-program.js
# jstests/examples-single_var-param-ite-sv_i_simple02-param133-program.js
# jstests/examples-single_var-param-ite-sv_i_simple02-param134-program.js
# jstests/examples-single_var-param-ite-sv_i_simple02-param135-program.js
# jstests/examples-single_var-param-ite-sv_i_simple03-param001-program.js
# jstests/examples-single_var-param-ite-sv_i_simple03-param002-program.js
# jstests/examples-single_var-param-ite-sv_i_simple03-param003-program.js
# jstests/examples-single_var-param-ite-sv_i_simple03-param004-program.js
# jstests/examples-single_var-param-ite-sv_i_simple03-param005-program.js
# jstests/examples-single_var-param-ite-sv_i_simple03-param006-program.js
# jstests/examples-single_var-param-ite-sv_i_simple03-param007-program.js
# jstests/examples-single_var-param-ite-sv_i_simple03-param008-program.js
# jstests/examples-single_var-param-ite-sv_i_simple03-param009-program.js
# jstests/examples-single_var-param-ite-sv_i_simple03-param010-program.js
# jstests/examples-single_var-param-ite-sv_i_simple03-param011-program.js
# jstests/examples-single_var-param-ite-sv_i_simple03-param012-program.js
# jstests/examples-single_var-param-ite-sv_i_simple03-param013-program.js
# jstests/examples-single_var-param-ite-sv_i_simple03-param014-program.js
# jstests/examples-single_var-param-ite-sv_i_simple03-param015-program.js
# jstests/examples-single_var-param-ite-sv_i_simple03-param016-program.js
# jstests/examples-single_var-param-ite-sv_i_simple03-param017-program.js
# jstests/examples-single_var-param-ite-sv_i_simple03-param018-program.js
# jstests/examples-single_var-param-ite-sv_i_simple03-param019-program.js
# jstests/examples-single_var-param-ite-sv_i_simple03-param020-program.js
# jstests/examples-single_var-param-ite-sv_i_simple03-param021-program.js
# jstests/examples-single_var-param-ite-sv_i_simple03-param022-program.js
# jstests/examples-single_var-param-ite-sv_i_simple03-param023-program.js
# jstests/examples-single_var-param-ite-sv_i_simple03-param024-program.js
# jstests/examples-single_var-param-ite-sv_i_simple03-param025-program.js
# jstests/examples-single_var-param-ite-sv_i_simple03-param026-program.js
# jstests/examples-single_var-param-ite-sv_i_simple03-param027-program.js
# jstests/examples-single_var-param-ite-sv_i_simple03-param028-program.js
# jstests/examples-single_var-param-ite-sv_i_simple03-param029-program.js
# jstests/examples-single_var-param-ite-sv_i_simple03-param030-program.js
# jstests/examples-single_var-param-ite-sv_i_simple03-param031-program.js
# jstests/examples-single_var-param-ite-sv_i_simple03-param032-program.js
# jstests/examples-single_var-param-ite-sv_i_simple03-param033-program.js
# jstests/examples-single_var-param-ite-sv_i_simple03-param034-program.js
# jstests/examples-single_var-param-ite-sv_i_simple03-param035-program.js
# jstests/examples-single_var-param-ite-sv_i_simple03-param036-program.js
# jstests/examples-single_var-param-ite-sv_i_simple03-param037-program.js
# jstests/examples-single_var-param-ite-sv_i_simple03-param038-program.js
# jstests/examples-single_var-param-ite-sv_i_simple03-param039-program.js
# jstests/examples-single_var-param-ite-sv_i_simple03-param040-program.js
# jstests/examples-single_var-param-ite-sv_i_simple03-param041-program.js
# jstests/examples-single_var-param-ite-sv_i_simple03-param042-program.js
# jstests/examples-single_var-param-ite-sv_i_simple03-param043-program.js
# jstests/examples-single_var-param-ite-sv_i_simple03-param044-program.js
# jstests/examples-single_var-param-ite-sv_i_simple03-param045-program.js
# jstests/examples-single_var-param-sv_simple01-param001-program.js
# jstests/examples-single_var-param-sv_simple01-param002-program.js
# jstests/examples-single_var-param-sv_simple01-param003-program.js
# jstests/examples-single_var-param-sv_simple02-param001-program.js
# jstests/examples-single_var-param-sv_simple02-param002-program.js
# jstests/examples-single_var-param-sv_simple02-param003-program.js
# jstests/examples-single_var-param-sv_simple03-param001-program.js
# jstests/examples-single_var-param-sv_simple03-param002-program.js
# jstests/examples-single_var-param-sv_simple03-param003-program.js
# jstests/examples-single_var-param-sv_simple04-param001-program.js
# jstests/examples-single_var-param-sv_simple04-param002-program.js
# jstests/examples-single_var-param-sv_simple04-param003-program.js
# jstests/examples-single_var-param-sv_simple04-param004-program.js
# jstests/examples-single_var-param-sv_simple04-param005-program.js
# jstests/examples-single_var-param-sv_simple04-param006-program.js
# jstests/examples-single_var-param-sv_simple04-param007-program.js
# jstests/examples-single_var-param-sv_simple04-param008-program.js
# jstests/examples-single_var-param-sv_simple04-param009-program.js
# jstests/examples-single_var-param-sv_simple05-param001-program.js
# jstests/examples-single_var-param-sv_simple05-param002-program.js
# jstests/examples-single_var-param-sv_simple05-param003-program.js
# jstests/examples-single_var-param-sv_simple05-param004-program.js
# jstests/examples-single_var-param-sv_simple05-param005-program.js
# jstests/examples-single_var-param-sv_simple05-param006-program.js
# jstests/examples-single_var-param-sv_simple05-param007-program.js
# jstests/examples-single_var-param-sv_simple05-param008-program.js
# jstests/examples-single_var-param-sv_simple05-param009-program.js
# jstests/examples-single_var-param-sv_simple06-param001-program.js
# jstests/examples-single_var-param-sv_simple06-param002-program.js
# jstests/examples-single_var-param-sv_simple06-param003-program.js
# jstests/examples-single_var-param-sv_simple07-param001-program.js
# jstests/examples-single_var-param-sv_simple07-param002-program.js
# jstests/examples-single_var-param-sv_simple07-param003-program.js
# jstests/examples-single_var-param-sv_simple07-param004-program.js
# jstests/examples-single_var-param-sv_simple07-param005-program.js
# jstests/examples-single_var-param-sv_simple07-param006-program.js
# jstests/examples-single_var-param-sv_simple07-param007-program.js
# jstests/examples-single_var-param-sv_simple07-param008-program.js
# jstests/examples-single_var-param-sv_simple07-param009-program.js
# jstests/examples-single_var-param-sv_simple07-param010-program.js
# jstests/examples-single_var-param-sv_simple07-param011-program.js
# jstests/examples-single_var-param-sv_simple07-param012-program.js
# jstests/examples-single_var-param-sv_simple07-param013-program.js
# jstests/examples-single_var-param-sv_simple07-param014-program.js
# jstests/examples-single_var-param-sv_simple07-param015-program.js
# jstests/examples-single_var-param-sv_simple07-param016-program.js
# jstests/examples-single_var-param-sv_simple07-param017-program.js
# jstests/examples-single_var-param-sv_simple07-param018-program.js
# jstests/examples-single_var-param-sv_simple07-param019-program.js
# jstests/examples-single_var-param-sv_simple07-param020-program.js
# jstests/examples-single_var-param-sv_simple07-param021-program.js
# jstests/examples-single_var-param-sv_simple07-param022-program.js
# jstests/examples-single_var-param-sv_simple07-param023-program.js
# jstests/examples-single_var-param-sv_simple07-param024-program.js
# jstests/examples-single_var-param-sv_simple07-param025-program.js
# jstests/examples-single_var-param-sv_simple08-param001-program.js
# jstests/examples-single_var-param-sv_simple08-param002-program.js
# jstests/examples-single_var-param-sv_simple08-param003-program.js
# jstests/examples-single_var-param-sv_simple08-param004-program.js
# jstests/examples-single_var-param-sv_simple08-param005-program.js
# jstests/examples-single_var-param-sv_simple08-param006-program.js
# jstests/examples-single_var-param-sv_simple08-param007-program.js
# jstests/examples-single_var-param-sv_simple08-param008-program.js
# jstests/examples-single_var-param-sv_simple08-param009-program.js
# jstests/examples-single_var-param-sv_simple09-param001-program.js
# jstests/examples-single_var-param-sv_simple09-param002-program.js
# jstests/examples-single_var-param-sv_simple09-param003-program.js
# jstests/examples-single_var-param-sv_simple09-param004-program.js
# jstests/examples-single_var-param-sv_simple09-param005-program.js
# jstests/examples-single_var-param-sv_simple09-param006-program.js
# jstests/examples-single_var-param-sv_simple09-param007-program.js
# jstests/examples-single_var-param-sv_simple09-param008-program.js
# jstests/examples-single_var-param-sv_simple09-param009-program.js
# jstests/examples-single_var-param-sv_simple09-param010-program.js
# jstests/examples-single_var-param-sv_simple09-param011-program.js
# jstests/examples-single_var-param-sv_simple09-param012-program.js
# jstests/examples-single_var-param-sv_simple09-param013-program.js
# jstests/examples-single_var-param-sv_simple09-param014-program.js
# jstests/examples-single_var-param-sv_simple09-param015-program.js
# jstests/examples-single_var-param-sv_simple09-param016-program.js
# jstests/examples-single_var-param-sv_simple09-param017-program.js
# jstests/examples-single_var-param-sv_simple09-param018-program.js
# jstests/examples-single_var-param-sv_simple09-param019-program.js
# jstests/examples-single_var-param-sv_simple09-param020-program.js
# jstests/examples-single_var-param-sv_simple09-param021-program.js
# jstests/examples-single_var-param-sv_simple09-param022-program.js
# jstests/examples-single_var-param-sv_simple09-param023-program.js
# jstests/examples-single_var-param-sv_simple09-param024-program.js
# jstests/examples-single_var-param-sv_simple09-param025-program.js
# jstests/examples-single_var-param-sv_simple10-param001-program.js
# jstests/examples-single_var-param-sv_simple10-param002-program.js
# jstests/examples-single_var-param-sv_simple10-param003-program.js
# jstests/examples-single_var-param-sv_simple10-param004-program.js
# jstests/examples-single_var-param-sv_simple10-param005-program.js
# jstests/examples-single_var-param-sv_simple10-param006-program.js
# jstests/examples-single_var-param-sv_simple10-param007-program.js
# jstests/examples-single_var-param-sv_simple10-param008-program.js
# jstests/examples-single_var-param-sv_simple10-param009-program.js
# jstests/examples-single_var-param-sv_simple10-param010-program.js
# jstests/examples-single_var-param-sv_simple10-param011-program.js
# jstests/examples-single_var-param-sv_simple10-param012-program.js
# jstests/examples-single_var-param-sv_simple10-param013-program.js
# jstests/examples-single_var-param-sv_simple10-param014-program.js
# jstests/examples-single_var-param-sv_simple10-param015-program.js
# jstests/examples-single_var-param-sv_simple10-param016-program.js
# jstests/examples-single_var-param-sv_simple10-param017-program.js
# jstests/examples-single_var-param-sv_simple10-param018-program.js
# jstests/examples-single_var-param-sv_simple10-param019-program.js
# jstests/examples-single_var-param-sv_simple10-param020-program.js
# jstests/examples-single_var-param-sv_simple10-param021-program.js
# jstests/examples-single_var-param-sv_simple10-param022-program.js
# jstests/examples-single_var-param-sv_simple10-param023-program.js
# jstests/examples-single_var-param-sv_simple10-param024-program.js
# jstests/examples-single_var-param-sv_simple10-param025-program.js
# jstests/examples-single_var-param-sv_simple11-param001-program.js
# jstests/examples-single_var-param-sv_simple11-param002-program.js
# jstests/examples-single_var-param-sv_simple11-param003-program.js
# jstests/examples-single_var-param-sv_simple11-param004-program.js
# jstests/examples-single_var-param-sv_simple11-param005-program.js
# jstests/examples-single_var-param-sv_simple11-param006-program.js
# jstests/examples-single_var-param-sv_simple11-param007-program.js
# jstests/examples-single_var-param-sv_simple11-param008-program.js
# jstests/examples-single_var-param-sv_simple11-param009-program.js
# jstests/examples-single_var-param-sv_simple12-param001-program.js
# jstests/examples-single_var-param-sv_simple12-param002-program.js
# jstests/examples-single_var-param-sv_simple12-param003-program.js
# jstests/examples-single_var-param-sv_simple12-param004-program.js
# jstests/examples-single_var-param-sv_simple12-param005-program.js
# jstests/examples-single_var-param-sv_simple12-param006-program.js
# jstests/examples-single_var-param-sv_simple12-param007-program.js
# jstests/examples-single_var-param-sv_simple12-param008-program.js
# jstests/examples-single_var-param-sv_simple12-param009-program.js
# jstests/examples-single_var-param-sv_simple12-param010-program.js
# jstests/examples-single_var-param-sv_simple12-param011-program.js
# jstests/examples-single_var-param-sv_simple12-param012-program.js
# jstests/examples-single_var-param-sv_simple12-param013-program.js
# jstests/examples-single_var-param-sv_simple12-param014-program.js
# jstests/examples-single_var-param-sv_simple12-param015-program.js
# jstests/examples-single_var-param-sv_simple12-param016-program.js
# jstests/examples-single_var-param-sv_simple12-param017-program.js
# jstests/examples-single_var-param-sv_simple12-param018-program.js
# jstests/examples-single_var-param-sv_simple12-param019-program.js
# jstests/examples-single_var-param-sv_simple12-param020-program.js
# jstests/examples-single_var-param-sv_simple12-param021-program.js
# jstests/examples-single_var-param-sv_simple12-param022-program.js
# jstests/examples-single_var-param-sv_simple12-param023-program.js
# jstests/examples-single_var-param-sv_simple12-param024-program.js
# jstests/examples-single_var-param-sv_simple12-param025-program.js
# jstests/examples-single_var-param-sv_simple13-param001-program.js
# jstests/examples-single_var-param-sv_simple13-param002-program.js
# jstests/examples-single_var-param-sv_simple13-param003-program.js
# jstests/examples-single_var-param-sv_simple13-param004-program.js
# jstests/examples-single_var-param-sv_simple13-param005-program.js
# jstests/examples-single_var-param-sv_simple13-param006-program.js
# jstests/examples-single_var-param-sv_simple13-param007-program.js
# jstests/examples-single_var-param-sv_simple13-param008-program.js
# jstests/examples-single_var-param-sv_simple13-param009-program.js
# jstests/examples-single_var-param-sv_simple14-param001-program.js
# jstests/examples-single_var-param-sv_simple14-param002-program.js
# jstests/examples-single_var-param-sv_simple14-param003-program.js
# jstests/examples-single_var-param-sv_simple14-param004-program.js
# jstests/examples-single_var-param-sv_simple14-param005-program.js
# jstests/examples-single_var-param-sv_simple14-param006-program.js
# jstests/examples-single_var-param-sv_simple14-param007-program.js
# jstests/examples-single_var-param-sv_simple14-param008-program.js
# jstests/examples-single_var-param-sv_simple14-param009-program.js
# jstests/examples-single_var-param-sv_simple15-param001-program.js
# jstests/examples-single_var-param-sv_simple15-param002-program.js
# jstests/examples-single_var-param-sv_simple15-param003-program.js
# jstests/examples-single_var-param-sv_simple15-param004-program.js
# jstests/examples-single_var-param-sv_simple15-param005-program.js
# jstests/examples-single_var-param-sv_simple15-param006-program.js
# jstests/examples-single_var-param-sv_simple15-param007-program.js
# jstests/examples-single_var-param-sv_simple15-param008-program.js
# jstests/examples-single_var-param-sv_simple15-param009-program.js
# jstests/examples-single_var-param-sv_simple16-param001-program.js
# jstests/examples-single_var-param-sv_simple16-param002-program.js
# jstests/examples-single_var-param-sv_simple16-param003-program.js
# jstests/examples-single_var-param-sv_simple16-param004-program.js
# jstests/examples-single_var-param-sv_simple16-param005-program.js
# jstests/examples-single_var-param-sv_simple16-param006-program.js
# jstests/examples-single_var-param-sv_simple16-param007-program.js
# jstests/examples-single_var-param-sv_simple16-param008-program.js
# jstests/examples-single_var-param-sv_simple16-param009-program.js
# jstests/examples-single_var-param-sv_simple17-param001-program.js
# jstests/examples-single_var-param-sv_simple17-param002-program.js
# jstests/examples-single_var-param-sv_simple17-param003-program.js
# jstests/examples-single_var-param-sv_simple17-param004-program.js
# jstests/examples-single_var-param-sv_simple17-param005-program.js
# jstests/examples-single_var-param-sv_simple17-param006-program.js
# jstests/examples-single_var-param-sv_simple17-param007-program.js
# jstests/examples-single_var-param-sv_simple17-param008-program.js
# jstests/examples-single_var-param-sv_simple17-param009-program.js
# jstests/examples-single_var-param-sv_simple18-param001-program.js
# jstests/examples-single_var-param-sv_simple18-param002-program.js
# jstests/examples-single_var-param-sv_simple18-param003-program.js
# jstests/examples-single_var-param-sv_simple18-param004-program.js
# jstests/examples-single_var-param-sv_simple18-param005-program.js
# jstests/examples-single_var-param-sv_simple18-param006-program.js
# jstests/examples-single_var-param-sv_simple18-param007-program.js
# jstests/examples-single_var-param-sv_simple18-param008-program.js
# jstests/examples-single_var-param-sv_simple18-param009-program.js
# jstests/examples-single_var-param-sv_simple18-param010-program.js
# jstests/examples-single_var-param-sv_simple18-param011-program.js
# jstests/examples-single_var-param-sv_simple18-param012-program.js
# jstests/examples-single_var-param-sv_simple18-param013-program.js
# jstests/examples-single_var-param-sv_simple18-param014-program.js
# jstests/examples-single_var-param-sv_simple18-param015-program.js
# jstests/examples-single_var-param-sv_simple18-param016-program.js
# jstests/examples-single_var-param-sv_simple18-param017-program.js
# jstests/examples-single_var-param-sv_simple18-param018-program.js
# jstests/examples-single_var-param-sv_simple18-param019-program.js
# jstests/examples-single_var-param-sv_simple18-param020-program.js
# jstests/examples-single_var-param-sv_simple18-param021-program.js
# jstests/examples-single_var-param-sv_simple18-param022-program.js
# jstests/examples-single_var-param-sv_simple18-param023-program.js
# jstests/examples-single_var-param-sv_simple18-param024-program.js
# jstests/examples-single_var-param-sv_simple18-param025-program.js
# jstests/examples-single_var-param-sv_simple18-param026-program.js
# jstests/examples-single_var-param-sv_simple18-param027-program.js
# jstests/examples-single_var-param-sv_simple18-param028-program.js
# jstests/examples-single_var-param-sv_simple18-param029-program.js
# jstests/examples-single_var-param-sv_simple18-param030-program.js
# jstests/examples-single_var-param-sv_simple18-param031-program.js
# jstests/examples-single_var-param-sv_simple18-param032-program.js
# jstests/examples-single_var-param-sv_simple18-param033-program.js
# jstests/examples-single_var-param-sv_simple18-param034-program.js
# jstests/examples-single_var-param-sv_simple18-param035-program.js
# jstests/examples-single_var-param-sv_simple18-param036-program.js
# jstests/examples-single_var-param-sv_simple18-param037-program.js
# jstests/examples-single_var-param-sv_simple18-param038-program.js
# jstests/examples-single_var-param-sv_simple18-param039-program.js
# jstests/examples-single_var-param-sv_simple18-param040-program.js
# jstests/examples-single_var-param-sv_simple18-param041-program.js
# jstests/examples-single_var-param-sv_simple18-param042-program.js
# jstests/examples-single_var-param-sv_simple18-param043-program.js
# jstests/examples-single_var-param-sv_simple18-param044-program.js
# jstests/examples-single_var-param-sv_simple18-param045-program.js
# jstests/examples-single_var-param-sv_simple18-param046-program.js
# jstests/examples-single_var-param-sv_simple18-param047-program.js
# jstests/examples-single_var-param-sv_simple18-param048-program.js
# jstests/examples-single_var-param-sv_simple18-param049-program.js
# jstests/examples-single_var-param-sv_simple18-param050-program.js
# jstests/examples-single_var-param-sv_simple18-param051-program.js
# jstests/examples-single_var-param-sv_simple18-param052-program.js
# jstests/examples-single_var-param-sv_simple18-param053-program.js
# jstests/examples-single_var-param-sv_simple18-param054-program.js
# jstests/examples-single_var-param-sv_simple18-param055-program.js
# jstests/examples-single_var-param-sv_simple18-param056-program.js
# jstests/examples-single_var-param-sv_simple18-param057-program.js
# jstests/examples-single_var-param-sv_simple18-param058-program.js
# jstests/examples-single_var-param-sv_simple18-param059-program.js
# jstests/examples-single_var-param-sv_simple18-param060-program.js
# jstests/examples-single_var-param-sv_simple18-param061-program.js
# jstests/examples-single_var-param-sv_simple18-param062-program.js
# jstests/examples-single_var-param-sv_simple18-param063-program.js
# jstests/examples-single_var-param-sv_simple18-param064-program.js
# jstests/examples-single_var-param-sv_simple18-param065-program.js
# jstests/examples-single_var-param-sv_simple18-param066-program.js
# jstests/examples-single_var-param-sv_simple18-param067-program.js
# jstests/examples-single_var-param-sv_simple18-param068-program.js
# jstests/examples-single_var-param-sv_simple18-param069-program.js
# jstests/examples-single_var-param-sv_simple18-param070-program.js
# jstests/examples-single_var-param-sv_simple18-param071-program.js
# jstests/examples-single_var-param-sv_simple18-param072-program.js
# jstests/examples-single_var-param-sv_simple18-param073-program.js
# jstests/examples-single_var-param-sv_simple18-param074-program.js
# jstests/examples-single_var-param-sv_simple18-param075-program.js
# jstests/examples-single_var-param-sv_simple18-param076-program.js
# jstests/examples-single_var-param-sv_simple18-param077-program.js
# jstests/examples-single_var-param-sv_simple18-param078-program.js
# jstests/examples-single_var-param-sv_simple18-param079-program.js
# jstests/examples-single_var-param-sv_simple18-param080-program.js
# jstests/examples-single_var-param-sv_simple18-param081-program.js
# jstests/examples-single_var-param-sv_simple18-param082-program.js
# jstests/examples-single_var-param-sv_simple18-param083-program.js
# jstests/examples-single_var-param-sv_simple18-param084-program.js
# jstests/examples-single_var-param-sv_simple18-param085-program.js
# jstests/examples-single_var-param-sv_simple18-param086-program.js
# jstests/examples-single_var-param-sv_simple18-param087-program.js
# jstests/examples-single_var-param-sv_simple18-param088-program.js
# jstests/examples-single_var-param-sv_simple18-param089-program.js
# jstests/examples-single_var-param-sv_simple18-param090-program.js
# jstests/examples-single_var-param-sv_simple18-param091-program.js
# jstests/examples-single_var-param-sv_simple18-param092-program.js
# jstests/examples-single_var-param-sv_simple18-param093-program.js
# jstests/examples-single_var-param-sv_simple18-param094-program.js
# jstests/examples-single_var-param-sv_simple18-param095-program.js
# jstests/examples-single_var-param-sv_simple18-param096-program.js
# jstests/examples-single_var-param-sv_simple18-param097-program.js
# jstests/examples-single_var-param-sv_simple18-param098-program.js
# jstests/examples-single_var-param-sv_simple18-param099-program.js
# jstests/examples-single_var-param-sv_simple18-param100-program.js
# jstests/examples-single_var-param-sv_simple18-param101-program.js
# jstests/examples-single_var-param-sv_simple18-param102-program.js
# jstests/examples-single_var-param-sv_simple18-param103-program.js
# jstests/examples-single_var-param-sv_simple18-param104-program.js
# jstests/examples-single_var-param-sv_simple18-param105-program.js
# jstests/examples-single_var-param-sv_simple18-param106-program.js
# jstests/examples-single_var-param-sv_simple18-param107-program.js
# jstests/examples-single_var-param-sv_simple18-param108-program.js
# jstests/examples-single_var-param-sv_simple18-param109-program.js
# jstests/examples-single_var-param-sv_simple18-param110-program.js
# jstests/examples-single_var-param-sv_simple18-param111-program.js
# jstests/examples-single_var-param-sv_simple18-param112-program.js
# jstests/examples-single_var-param-sv_simple18-param113-program.js
# jstests/examples-single_var-param-sv_simple18-param114-program.js
# jstests/examples-single_var-param-sv_simple18-param115-program.js
# jstests/examples-single_var-param-sv_simple18-param116-program.js
# jstests/examples-single_var-param-sv_simple18-param117-program.js
# jstests/examples-single_var-param-sv_simple18-param118-program.js
# jstests/examples-single_var-param-sv_simple18-param119-program.js
# jstests/examples-single_var-param-sv_simple18-param120-program.js
# jstests/examples-single_var-param-sv_simple18-param121-program.js
# jstests/examples-single_var-param-sv_simple18-param122-program.js
# jstests/examples-single_var-param-sv_simple18-param123-program.js
# jstests/examples-single_var-param-sv_simple18-param124-program.js
# jstests/examples-single_var-param-sv_simple18-param125-program.js
# jstests/examples-single_var-param-sv_simple18-param126-program.js
# jstests/examples-single_var-param-sv_simple18-param127-program.js
# jstests/examples-single_var-param-sv_simple18-param128-program.js
# jstests/examples-single_var-param-sv_simple18-param129-program.js
# jstests/examples-single_var-param-sv_simple18-param130-program.js
# jstests/examples-single_var-param-sv_simple18-param131-program.js
# jstests/examples-single_var-param-sv_simple18-param132-program.js
# jstests/examples-single_var-param-sv_simple18-param133-program.js
# jstests/examples-single_var-param-sv_simple18-param134-program.js
# jstests/examples-single_var-param-sv_simple18-param135-program.js
# jstests/examples-single_var-param-sv_simple18-param136-program.js
# jstests/examples-single_var-param-sv_simple18-param137-program.js
# jstests/examples-single_var-param-sv_simple18-param138-program.js
# jstests/examples-single_var-param-sv_simple18-param139-program.js
# jstests/examples-single_var-param-sv_simple18-param140-program.js
# jstests/examples-single_var-param-sv_simple18-param141-program.js
# jstests/examples-single_var-param-sv_simple18-param142-program.js
# jstests/examples-single_var-param-sv_simple18-param143-program.js
# jstests/examples-single_var-param-sv_simple18-param144-program.js
# jstests/examples-single_var-param-sv_simple18-param145-program.js
# jstests/examples-single_var-param-sv_simple18-param146-program.js
# jstests/examples-single_var-param-sv_simple18-param147-program.js
# jstests/examples-single_var-param-sv_simple18-param148-program.js
# jstests/examples-single_var-param-sv_simple18-param149-program.js
# jstests/examples-single_var-param-sv_simple18-param150-program.js
# jstests/examples-single_var-param-sv_simple18-param151-program.js
# jstests/examples-single_var-param-sv_simple18-param152-program.js
# jstests/examples-single_var-param-sv_simple18-param153-program.js
# jstests/examples-single_var-param-sv_simple18-param154-program.js
# jstests/examples-single_var-param-sv_simple18-param155-program.js
# jstests/examples-single_var-param-sv_simple18-param156-program.js
# jstests/examples-single_var-param-sv_simple18-param157-program.js
# jstests/examples-single_var-param-sv_simple18-param158-program.js
# jstests/examples-single_var-param-sv_simple18-param159-program.js
# jstests/examples-single_var-param-sv_simple18-param160-program.js
# jstests/examples-single_var-param-sv_simple18-param161-program.js
# jstests/examples-single_var-param-sv_simple18-param162-program.js
# jstests/examples-single_var-param-sv_simple18-param163-program.js
# jstests/examples-single_var-param-sv_simple18-param164-program.js
# jstests/examples-single_var-param-sv_simple18-param165-program.js
# jstests/examples-single_var-param-sv_simple18-param166-program.js
# jstests/examples-single_var-param-sv_simple18-param167-program.js
# jstests/examples-single_var-param-sv_simple18-param168-program.js
# jstests/examples-single_var-param-sv_simple18-param169-program.js
# jstests/examples-single_var-param-sv_simple18-param170-program.js
# jstests/examples-single_var-param-sv_simple18-param171-program.js
# jstests/examples-single_var-param-sv_simple18-param172-program.js
# jstests/examples-single_var-param-sv_simple18-param173-program.js
# jstests/examples-single_var-param-sv_simple18-param174-program.js
# jstests/examples-single_var-param-sv_simple18-param175-program.js
# jstests/examples-single_var-param-sv_simple18-param176-program.js
# jstests/examples-single_var-param-sv_simple18-param177-program.js
# jstests/examples-single_var-param-sv_simple18-param178-program.js
# jstests/examples-single_var-param-sv_simple18-param179-program.js
# jstests/examples-single_var-param-sv_simple18-param180-program.js
# jstests/examples-single_var-param-sv_simple18-param181-program.js
# jstests/examples-single_var-param-sv_simple18-param182-program.js
# jstests/examples-single_var-param-sv_simple18-param183-program.js
# jstests/examples-single_var-param-sv_simple18-param184-program.js
# jstests/examples-single_var-param-sv_simple18-param185-program.js
# jstests/examples-single_var-param-sv_simple18-param186-program.js
# jstests/examples-single_var-param-sv_simple18-param187-program.js
# jstests/examples-single_var-param-sv_simple18-param188-program.js
# jstests/examples-single_var-param-sv_simple18-param189-program.js
# jstests/examples-single_var-param-sv_simple18-param190-program.js
# jstests/examples-single_var-param-sv_simple18-param191-program.js
# jstests/examples-single_var-param-sv_simple18-param192-program.js
# jstests/examples-single_var-param-sv_simple18-param193-program.js
# jstests/examples-single_var-param-sv_simple18-param194-program.js
# jstests/examples-single_var-param-sv_simple18-param195-program.js
# jstests/examples-single_var-param-sv_simple18-param196-program.js
# jstests/examples-single_var-param-sv_simple18-param197-program.js
# jstests/examples-single_var-param-sv_simple18-param198-program.js
# jstests/examples-single_var-param-sv_simple18-param199-program.js
# jstests/examples-single_var-param-sv_simple18-param200-program.js
# jstests/examples-single_var-param-sv_simple18-param201-program.js
# jstests/examples-single_var-param-sv_simple18-param202-program.js
# jstests/examples-single_var-param-sv_simple18-param203-program.js
# jstests/examples-single_var-param-sv_simple18-param204-program.js
# jstests/examples-single_var-param-sv_simple18-param205-program.js
# jstests/examples-single_var-param-sv_simple18-param206-program.js
# jstests/examples-single_var-param-sv_simple18-param207-program.js
# jstests/examples-single_var-param-sv_simple18-param208-program.js
# jstests/examples-single_var-param-sv_simple18-param209-program.js
# jstests/examples-single_var-param-sv_simple18-param210-program.js
# jstests/examples-single_var-param-sv_simple18-param211-program.js
# jstests/examples-single_var-param-sv_simple18-param212-program.js
# jstests/examples-single_var-param-sv_simple18-param213-program.js
# jstests/examples-single_var-param-sv_simple18-param214-program.js
# jstests/examples-single_var-param-sv_simple18-param215-program.js
# jstests/examples-single_var-param-sv_simple18-param216-program.js
# jstests/examples-single_var-param-sv_simple18-param217-program.js
# jstests/examples-single_var-param-sv_simple18-param218-program.js
# jstests/examples-single_var-param-sv_simple18-param219-program.js
# jstests/examples-single_var-param-sv_simple18-param220-program.js
# jstests/examples-single_var-param-sv_simple18-param221-program.js
# jstests/examples-single_var-param-sv_simple18-param222-program.js
# jstests/examples-single_var-param-sv_simple18-param223-program.js
# jstests/examples-single_var-param-sv_simple18-param224-program.js
# jstests/examples-single_var-param-sv_simple18-param225-program.js
# jstests/examples-single_var-param-sv_simple18-param226-program.js
# jstests/examples-single_var-param-sv_simple18-param227-program.js
# jstests/examples-single_var-param-sv_simple18-param228-program.js
# jstests/examples-single_var-param-sv_simple18-param229-program.js
# jstests/examples-single_var-param-sv_simple18-param230-program.js
# jstests/examples-single_var-param-sv_simple18-param231-program.js
# jstests/examples-single_var-param-sv_simple18-param232-program.js
# jstests/examples-single_var-param-sv_simple18-param233-program.js
# jstests/examples-single_var-param-sv_simple18-param234-program.js
# jstests/examples-single_var-param-sv_simple18-param235-program.js
# jstests/examples-single_var-param-sv_simple18-param236-program.js
# jstests/examples-single_var-param-sv_simple18-param237-program.js
# jstests/examples-single_var-param-sv_simple18-param238-program.js
# jstests/examples-single_var-param-sv_simple18-param239-program.js
# jstests/examples-single_var-param-sv_simple18-param240-program.js
# jstests/examples-single_var-param-sv_simple18-param241-program.js
# jstests/examples-single_var-param-sv_simple18-param242-program.js
# jstests/examples-single_var-param-sv_simple18-param243-program.js
# jstests/examples-single_var-param-sv_simple18-param244-program.js
# jstests/examples-single_var-param-sv_simple18-param245-program.js
# jstests/examples-single_var-param-sv_simple18-param246-program.js
# jstests/examples-single_var-param-sv_simple18-param247-program.js
# jstests/examples-single_var-param-sv_simple18-param248-program.js
# jstests/examples-single_var-param-sv_simple18-param249-program.js
# jstests/examples-single_var-param-sv_simple18-param250-program.js
# jstests/examples-single_var-param-sv_simple18-param251-program.js
# jstests/examples-single_var-param-sv_simple18-param252-program.js
# jstests/examples-single_var-param-sv_simple18-param253-program.js
# jstests/examples-single_var-param-sv_simple18-param254-program.js
# jstests/examples-single_var-param-sv_simple18-param255-program.js
# jstests/examples-single_var-param-sv_simple18-param256-program.js
# jstests/examples-single_var-param-sv_simple19-param001-program.js
# jstests/examples-single_var-param-sv_simple19-param002-program.js
# jstests/examples-single_var-param-sv_simple19-param003-program.js
# jstests/examples-single_var-param-sv_simple19-param004-program.js
# jstests/examples-single_var-param-sv_simple19-param005-program.js
# jstests/examples-single_var-param-sv_simple19-param006-program.js
# jstests/examples-single_var-param-sv_simple19-param007-program.js
# jstests/examples-single_var-param-sv_simple19-param008-program.js
# jstests/examples-single_var-param-sv_simple19-param009-program.js
# jstests/examples-single_var-param-sv_simple20-param001-program.js
# jstests/examples-single_var-param-sv_simple20-param002-program.js
# jstests/examples-single_var-param-sv_simple20-param003-program.js
# jstests/examples-single_var-param-sv_simple20-param004-program.js
# jstests/examples-single_var-param-sv_simple20-param005-program.js
# jstests/examples-single_var-param-sv_simple20-param006-program.js
# jstests/examples-single_var-param-sv_simple20-param007-program.js
# jstests/examples-single_var-param-sv_simple20-param008-program.js
# jstests/examples-single_var-param-sv_simple20-param009-program.js
# jstests/examples-single_var-param-sv_simple21-param001-program.js
# jstests/examples-single_var-param-sv_simple21-param002-program.js
# jstests/examples-single_var-param-sv_simple21-param003-program.js
# jstests/examples-single_var-param-sv_simple21-param004-program.js
# jstests/examples-single_var-param-sv_simple21-param005-program.js
# jstests/examples-single_var-param-sv_simple21-param006-program.js
# jstests/examples-single_var-param-sv_simple21-param007-program.js
# jstests/examples-single_var-param-sv_simple21-param008-program.js
# jstests/examples-single_var-param-sv_simple21-param009-program.js
# jstests/examples-single_var-param-sv_simple22-param001-program.js
# jstests/examples-single_var-param-sv_simple22-param002-program.js
# jstests/examples-single_var-param-sv_simple22-param003-program.js
# jstests/examples-single_var-param-sv_simple22-param004-program.js
# jstests/examples-single_var-param-sv_simple22-param005-program.js
# jstests/examples-single_var-param-sv_simple22-param006-program.js
# jstests/examples-single_var-param-sv_simple22-param007-program.js
# jstests/examples-single_var-param-sv_simple22-param008-program.js
# jstests/examples-single_var-param-sv_simple22-param009-program.js
# jstests/examples-single_var-param-sv_simple23-param001-program.js
# jstests/examples-single_var-param-sv_simple23-param002-program.js
# jstests/examples-single_var-param-sv_simple23-param003-program.js
# jstests/examples-single_var-param-sv_simple23-param004-program.js
# jstests/examples-single_var-param-sv_simple23-param005-program.js
# jstests/examples-single_var-param-sv_simple23-param006-program.js
# jstests/examples-single_var-param-sv_simple23-param007-program.js
# jstests/examples-single_var-param-sv_simple23-param008-program.js
# jstests/examples-single_var-param-sv_simple23-param009-program.js
# jstests/examples-single_var-sv_float_and_int-2-param001-program.js
# jstests/examples-single_var-sv_float_and_int-2-param002-program.js
# jstests/examples-single_var-sv_float_and_int-2-param003-program.js
# jstests/examples-single_var-sv_float_and_int-2-param004-program.js
# jstests/examples-single_var-sv_float_and_int-2-param005-program.js
# jstests/examples-single_var-sv_float_and_int-2-param006-program.js
# jstests/examples-single_var-sv_float_and_int-2-param007-program.js
# jstests/examples-single_var-sv_float_and_int-2-param008-program.js
# jstests/examples-single_var-sv_float_and_int-2-param009-program.js
# jstests/examples-single_var-sv_float_and_int-2-param010-program.js
# jstests/examples-single_var-sv_float_and_int-2-param011-program.js
# jstests/examples-single_var-sv_float_and_int-param001-program.js
# jstests/examples-single_var-sv_float_and_int-param002-program.js
# jstests/examples-single_var-sv_float_and_int-param003-program.js
# jstests/examples-single_var-sv_float_and_int-param004-program.js
# jstests/examples-single_var-sv_float_and_int-param005-program.js
# jstests/examples-single_var-sv_float_and_int-param006-program.js
# jstests/examples-single_var-sv_float_and_int-param007-program.js
# jstests/examples-single_var-sv_float_and_int-param008-program.js
# jstests/examples-single_var-sv_float_and_int-param009-program.js
# jstests/examples-single_var-sv_float_and_int-param010-program.js
# jstests/examples-single_var-sv_float_and_int-param011-program.js
